SUITE single 25/194 disagreements=0
SUITE pairs 25/3357 disagreements=0
SUITE multi 25/1358 disagreements=0
SUITE single 50/194 disagreements=0
SUITE pairs 50/3357 disagreements=0
SUITE static DONE 6/6 disagreements=0 seconds=175.2
SUITE single 75/194 disagreements=8
SUITE multi 50/1358 disagreements=0
SUITE single 100/194 disagreements=8
SUITE pairs 75/3357 disagreements=0
SUITE single 125/194 disagreements=8
SUITE pairs 100/3357 disagreements=0
SUITE multi 75/1358 disagreements=0
SUITE single 150/194 disagreements=8
SUITE pairs 125/3357 disagreements=0
SUITE single 175/194 disagreements=8
SUITE single DONE 194/194 disagreements=8 seconds=371.6
SUITE multi 100/1358 disagreements=0
SUITE pairs 150/3357 disagreements=0
SUITE pairs 175/3357 disagreements=1
SUITE metamorphic 25/200 disagreements=7
SUITE multi 125/1358 disagreements=0
SUITE pairs 200/3357 disagreements=24
SUITE pairs 225/3357 disagreements=24
SUITE multi 150/1358 disagreements=0
SUITE pairs 250/3357 disagreements=24
SUITE pairs 275/3357 disagreements=24
SUITE multi 175/1358 disagreements=0
SUITE pairs 300/3357 disagreements=24
SUITE multi 200/1358 disagreements=0
SUITE pairs 325/3357 disagreements=24
SUITE pairs 350/3357 disagreements=24
SUITE multi 225/1358 disagreements=0
SUITE metamorphic 50/200 disagreements=11
SUITE pairs 375/3357 disagreements=24
SUITE multi 250/1358 disagreements=0
SUITE pairs 400/3357 disagreements=24
SUITE pairs 425/3357 disagreements=24
SUITE multi 275/1358 disagreements=0
SUITE pairs 450/3357 disagreements=24
SUITE multi 300/1358 disagreements=0
SUITE pairs 475/3357 disagreements=24
SUITE pairs 500/3357 disagreements=24
SUITE multi 325/1358 disagreements=0
SUITE pairs 525/3357 disagreements=24
SUITE pairs 550/3357 disagreements=24
SUITE multi 350/1358 disagreements=0
SUITE metamorphic 75/200 disagreements=17
SUITE pairs 575/3357 disagreements=24
SUITE multi 375/1358 disagreements=0
SUITE pairs 600/3357 disagreements=24
SUITE pairs 625/3357 disagreements=24
SUITE multi 400/1358 disagreements=0
SUITE pairs 650/3357 disagreements=24
SUITE multi 425/1358 disagreements=0
SUITE pairs 675/3357 disagreements=24
SUITE pairs 700/3357 disagreements=24
SUITE multi 450/1358 disagreements=0
SUITE pairs 725/3357 disagreements=24
SUITE multi 475/1358 disagreements=0
SUITE pairs 750/3357 disagreements=24
SUITE metamorphic 100/200 disagreements=23
SUITE pairs 775/3357 disagreements=24
SUITE multi 500/1358 disagreements=0
SUITE pairs 800/3357 disagreements=24
SUITE pairs 825/3357 disagreements=24
SUITE multi 525/1358 disagreements=0
SUITE pairs 850/3357 disagreements=24
SUITE multi 550/1358 disagreements=0
SUITE pairs 875/3357 disagreements=24
SUITE pairs 900/3357 disagreements=24
SUITE multi 575/1358 disagreements=0
SUITE pairs 925/3357 disagreements=24
SUITE metamorphic 125/200 disagreements=30
SUITE pairs 950/3357 disagreements=24
SUITE multi 600/1358 disagreements=0
SUITE pairs 975/3357 disagreements=24
SUITE multi 625/1358 disagreements=0
SUITE pairs 1000/3357 disagreements=24
SUITE pairs 1025/3357 disagreements=24
SUITE multi 650/1358 disagreements=0
SUITE pairs 1050/3357 disagreements=24
SUITE multi 675/1358 disagreements=0
SUITE pairs 1075/3357 disagreements=32
SUITE pairs 1100/3357 disagreements=48
SUITE multi 700/1358 disagreements=0
SUITE metamorphic 150/200 disagreements=36
SUITE pairs 1125/3357 disagreements=52
SUITE multi 725/1358 disagreements=0
SUITE pairs 1150/3357 disagreements=61
SUITE pairs 1175/3357 disagreements=71
SUITE multi 750/1358 disagreements=0
SUITE pairs 1200/3357 disagreements=71
SUITE multi 775/1358 disagreements=7
SUITE pairs 1225/3357 disagreements=71
SUITE pairs 1250/3357 disagreements=71
SUITE multi 800/1358 disagreements=32
SUITE pairs 1275/3357 disagreements=71
SUITE multi 825/1358 disagreements=57
SUITE metamorphic 175/200 disagreements=41
SUITE pairs 1300/3357 disagreements=71
SUITE pairs 1325/3357 disagreements=71
SUITE multi 850/1358 disagreements=82
SUITE pairs 1350/3357 disagreements=71
SUITE multi 875/1358 disagreements=107
SUITE pairs 1375/3357 disagreements=71
SUITE pairs 1400/3357 disagreements=71
SUITE multi 900/1358 disagreements=132
SUITE pairs 1425/3357 disagreements=71
SUITE pairs 1450/3357 disagreements=71
SUITE multi 925/1358 disagreements=157
SUITE pairs 1475/3357 disagreements=71
SUITE metamorphic 200/200 disagreements=46
SUITE metamorphic DONE 200/200 disagreements=46 seconds=2018.6
SUITE pairs 1500/3357 disagreements=71
SUITE multi 950/1358 disagreements=182
SUITE pairs 1525/3357 disagreements=71
SUITE pairs 1550/3357 disagreements=71
SUITE multi 975/1358 disagreements=207
SUITE pairs 1575/3357 disagreements=71
SUITE multi 1000/1358 disagreements=232
SUITE pairs 1600/3357 disagreements=71
SUITE pairs 1625/3357 disagreements=71
SUITE multi 1025/1358 disagreements=240
SUITE pairs 1650/3357 disagreements=71
SUITE pairs 1675/3357 disagreements=71
SUITE multi 1050/1358 disagreements=240
SUITE pairs 1700/3357 disagreements=71
SUITE multi 1075/1358 disagreements=240
SUITE pairs 1725/3357 disagreements=71
SUITE pairs 1750/3357 disagreements=71
SUITE multi 1100/1358 disagreements=240
SUITE pairs 1775/3357 disagreements=71
SUITE multi 1125/1358 disagreements=240
SUITE pairs 1800/3357 disagreements=71
SUITE pairs 1825/3357 disagreements=71
SUITE multi 1150/1358 disagreements=240
SUITE pairs 1850/3357 disagreements=71
SUITE pairs 1875/3357 disagreements=71
SUITE multi 1175/1358 disagreements=240
SUITE pairs 1900/3357 disagreements=71
SUITE pairs 1925/3357 disagreements=71
SUITE multi 1200/1358 disagreements=240
SUITE pairs 1950/3357 disagreements=71
SUITE multi 1225/1358 disagreements=240
SUITE pairs 1975/3357 disagreements=71
SUITE pairs 2000/3357 disagreements=71
SUITE multi 1250/1358 disagreements=240
SUITE pairs 2025/3357 disagreements=71
SUITE pairs 2050/3357 disagreements=71
SUITE multi 1275/1358 disagreements=240
SUITE pairs 2075/3357 disagreements=71
SUITE pairs 2100/3357 disagreements=71
SUITE multi 1300/1358 disagreements=240
SUITE pairs 2125/3357 disagreements=71
SUITE pairs 2150/3357 disagreements=71
SUITE multi 1325/1358 disagreements=240
SUITE pairs 2175/3357 disagreements=71
SUITE multi 1350/1358 disagreements=240
SUITE pairs 2200/3357 disagreements=71
SUITE multi DONE 1358/1358 disagreements=240 seconds=2592.1
SUITE pairs 2225/3357 disagreements=71
SUITE pairs 2250/3357 disagreements=71
SUITE pairs 2275/3357 disagreements=71
SUITE pairs 2300/3357 disagreements=71
SUITE pairs 2325/3357 disagreements=71
SUITE pairs 2350/3357 disagreements=71
SUITE pairs 2375/3357 disagreements=71
SUITE pairs 2400/3357 disagreements=71
SUITE pairs 2425/3357 disagreements=71
SUITE pairs 2450/3357 disagreements=71
SUITE pairs 2475/3357 disagreements=71
SUITE pairs 2500/3357 disagreements=71
SUITE pairs 2525/3357 disagreements=71
SUITE pairs 2550/3357 disagreements=71
SUITE pairs 2575/3357 disagreements=71
SUITE pairs 2600/3357 disagreements=71
SUITE pairs 2625/3357 disagreements=71
SUITE pairs 2650/3357 disagreements=71
SUITE pairs 2675/3357 disagreements=71
SUITE pairs 2700/3357 disagreements=71
SUITE pairs 2725/3357 disagreements=71
SUITE pairs 2750/3357 disagreements=71
SUITE pairs 2775/3357 disagreements=73
SUITE pairs 2800/3357 disagreements=77
SUITE pairs 2825/3357 disagreements=77
SUITE pairs 2850/3357 disagreements=79
SUITE pairs 2875/3357 disagreements=79
SUITE pairs 2900/3357 disagreements=82
SUITE pairs 2925/3357 disagreements=82
SUITE pairs 2950/3357 disagreements=83
SUITE pairs 2975/3357 disagreements=83
SUITE pairs 3000/3357 disagreements=84
SUITE pairs 3025/3357 disagreements=85
SUITE pairs 3050/3357 disagreements=87
SUITE pairs 3075/3357 disagreements=88
SUITE pairs 3100/3357 disagreements=88
SUITE pairs 3125/3357 disagreements=88
SUITE pairs 3150/3357 disagreements=88
SUITE pairs 3175/3357 disagreements=88
SUITE pairs 3200/3357 disagreements=88
SUITE pairs 3225/3357 disagreements=88
SUITE pairs 3250/3357 disagreements=88
SUITE pairs 3275/3357 disagreements=88
SUITE pairs 3300/3357 disagreements=88
SUITE pairs 3325/3357 disagreements=88
SUITE pairs 3350/3357 disagreements=88
SUITE pairs DONE 3357/3357 disagreements=88 seconds=3397.1
ALL-DONE
