SUITE single 25/370 disagreements=0
SUITE single 50/370 disagreements=0
SUITE single 75/370 disagreements=0
SUITE single 100/370 disagreements=0
SUITE single 125/370 disagreements=0
SUITE single 150/370 disagreements=0
SUITE single 175/370 disagreements=0
SUITE single 200/370 disagreements=0
SUITE single 225/370 disagreements=0
SUITE single 250/370 disagreements=0
SUITE strip 25/300 disagreements=0
SUITE single 275/370 disagreements=0
SUITE single 300/370 disagreements=0
SUITE single 325/370 disagreements=0
SUITE single 350/370 disagreements=0
SUITE single DONE 370/370 disagreements=0 seconds=335.4
SUITE machines 25/1080 disagreements=0
SUITE machines 50/1080 disagreements=0
SUITE machines 75/1080 disagreements=0
SUITE machines 100/1080 disagreements=0
SUITE machines 125/1080 disagreements=0
SUITE strip 50/300 disagreements=0
SUITE machines 150/1080 disagreements=0
SUITE machines 175/1080 disagreements=0
SUITE machines 200/1080 disagreements=0
SUITE machines 225/1080 disagreements=0
SUITE machines 250/1080 disagreements=0
SUITE machines 275/1080 disagreements=0
SUITE strip 75/300 disagreements=0
SUITE machines 300/1080 disagreements=0
SUITE machines 325/1080 disagreements=0
SUITE machines 350/1080 disagreements=0
SUITE machines 375/1080 disagreements=0
SUITE machines 400/1080 disagreements=0
SUITE machines 425/1080 disagreements=0
SUITE machines 450/1080 disagreements=0
SUITE strip 100/300 disagreements=0
SUITE machines 475/1080 disagreements=0
SUITE machines 500/1080 disagreements=0
SUITE machines 525/1080 disagreements=0
SUITE machines 550/1080 disagreements=0
SUITE machines 575/1080 disagreements=0
SUITE machines 600/1080 disagreements=0
SUITE strip 125/300 disagreements=0
SUITE machines 625/1080 disagreements=0
SUITE machines 650/1080 disagreements=0
SUITE machines 675/1080 disagreements=0
SUITE machines 700/1080 disagreements=0
SUITE machines 725/1080 disagreements=0
SUITE machines 750/1080 disagreements=0
SUITE strip 150/300 disagreements=0
SUITE machines 775/1080 disagreements=0
SUITE machines 800/1080 disagreements=0
SUITE machines 825/1080 disagreements=0
SUITE machines 850/1080 disagreements=0
SUITE machines 875/1080 disagreements=0
SUITE machines 900/1080 disagreements=0
SUITE strip 175/300 disagreements=0
SUITE machines 925/1080 disagreements=0
SUITE machines 950/1080 disagreements=0
SUITE machines 975/1080 disagreements=9
SUITE machines 1000/1080 disagreements=17
SUITE machines 1025/1080 disagreements=29
SUITE strip 200/300 disagreements=0
SUITE machines 1050/1080 disagreements=29
SUITE machines 1075/1080 disagreements=29
SUITE machines DONE 1080/1080 disagreements=29 seconds=1562.2
SUITE strip 225/300 disagreements=0
SUITE strip 250/300 disagreements=0
SUITE strip 275/300 disagreements=0
SUITE strip 300/300 disagreements=0
SUITE strip DONE 300/300 disagreements=0 seconds=2445.4
SUITE machines 1075/1080 disagreements=0
SUITE machines DONE 1080/1080 disagreements=0 seconds=41.2
