SUITE machines 25/1038 disagreements=0
SUITE single 25/362 disagreements=0
SUITE machines 50/1038 disagreements=0
SUITE single 50/362 disagreements=0
SUITE single 75/362 disagreements=0
SUITE machines 75/1038 disagreements=0
SUITE single 100/362 disagreements=0
SUITE machines 100/1038 disagreements=0
SUITE single 125/362 disagreements=0
SUITE machines 125/1038 disagreements=0
SUITE single 150/362 disagreements=0
SUITE machines 150/1038 disagreements=0
SUITE single 175/362 disagreements=0
SUITE single 200/362 disagreements=0
SUITE machines 175/1038 disagreements=0
SUITE single 225/362 disagreements=0
SUITE machines 200/1038 disagreements=0
SUITE single 250/362 disagreements=0
SUITE metamorphic 25/200 disagreements=0
SUITE single 275/362 disagreements=0
SUITE strip 25/300 disagreements=0
SUITE single 300/362 disagreements=0
SUITE machines 225/1038 disagreements=0
SUITE single 325/362 disagreements=0
SUITE machines 250/1038 disagreements=0
SUITE single 350/362 disagreements=0
SUITE single DONE 362/362 disagreements=0 seconds=662.9
SUITE machines 275/1038 disagreements=0
SUITE machines 300/1038 disagreements=0
SUITE machines 325/1038 disagreements=0
SUITE machines 350/1038 disagreements=0
SUITE machines 375/1038 disagreements=0
SUITE machines 400/1038 disagreements=0
SUITE machines 425/1038 disagreements=0
SUITE machines 450/1038 disagreements=0
SUITE machines 475/1038 disagreements=0
SUITE machines 500/1038 disagreements=0
SUITE machines 525/1038 disagreements=0
SUITE machines 550/1038 disagreements=0
SUITE machines 575/1038 disagreements=0
SUITE machines 600/1038 disagreements=0
SUITE machines 625/1038 disagreements=0
SUITE machines 650/1038 disagreements=0
SUITE machines 675/1038 disagreements=0
SUITE machines 700/1038 disagreements=0
SUITE machines 725/1038 disagreements=0
SUITE machines 750/1038 disagreements=0
SUITE machines 775/1038 disagreements=0
SUITE machines 800/1038 disagreements=0
SUITE machines 825/1038 disagreements=0
SUITE machines 850/1038 disagreements=0
SUITE machines 875/1038 disagreements=0
SUITE machines 900/1038 disagreements=0
SUITE machines 925/1038 disagreements=0
SUITE machines 950/1038 disagreements=0
SUITE machines 975/1038 disagreements=0
SUITE machines 1000/1038 disagreements=0
SUITE machines 1025/1038 disagreements=0
SUITE machines DONE 1038/1038 disagreements=0 seconds=1586.2
SUITE metamorphic 25/200 disagreements=0
SUITE strip 25/300 disagreements=0
SUITE strip 50/300 disagreements=0
SUITE metamorphic 50/200 disagreements=0
SUITE strip 75/300 disagreements=0
SUITE metamorphic 75/200 disagreements=0
SUITE strip 100/300 disagreements=0
SUITE metamorphic 100/200 disagreements=0
SUITE strip 125/300 disagreements=0
SUITE metamorphic 125/200 disagreements=0
SUITE strip 150/300 disagreements=0
SUITE metamorphic 150/200 disagreements=0
SUITE strip 175/300 disagreements=0
SUITE metamorphic 175/200 disagreements=0
SUITE strip 200/300 disagreements=0
SUITE metamorphic 200/200 disagreements=0
SUITE metamorphic DONE 200/200 disagreements=0 seconds=2018.6
SUITE strip 225/300 disagreements=0
SUITE strip 250/300 disagreements=0
SUITE strip 275/300 disagreements=0
SUITE strip 300/300 disagreements=0
SUITE strip DONE 300/300 disagreements=0 seconds=2551.4
