SUITE single 25/326 disagreements=0
SUITE single 50/326 disagreements=0
SUITE single 75/326 disagreements=0
SUITE single 100/326 disagreements=0
SUITE single 125/326 disagreements=0
SUITE single 150/326 disagreements=0
SUITE single 175/326 disagreements=0
SUITE strip 25/300 disagreements=0
SUITE single 200/326 disagreements=0
SUITE single 225/326 disagreements=0
SUITE single 250/326 disagreements=0
SUITE single 275/326 disagreements=0
SUITE single 300/326 disagreements=0
SUITE single 325/326 disagreements=0
SUITE single DONE 326/326 disagreements=0 seconds=250.3
SUITE machines 25/936 disagreements=0
SUITE machines 50/936 disagreements=0
SUITE machines 75/936 disagreements=0
SUITE strip 50/300 disagreements=0
SUITE machines 100/936 disagreements=0
SUITE machines 125/936 disagreements=0
SUITE machines 150/936 disagreements=0
SUITE machines 175/936 disagreements=0
SUITE machines 200/936 disagreements=0
SUITE machines 225/936 disagreements=0
SUITE machines 250/936 disagreements=0
SUITE strip 75/300 disagreements=0
SUITE machines 275/936 disagreements=0
SUITE machines 300/936 disagreements=0
SUITE machines 325/936 disagreements=0
SUITE machines 350/936 disagreements=0
SUITE machines 375/936 disagreements=0
SUITE machines 400/936 disagreements=0
SUITE strip 100/300 disagreements=0
SUITE machines 425/936 disagreements=0
SUITE machines 450/936 disagreements=0
SUITE machines 475/936 disagreements=0
SUITE machines 500/936 disagreements=0
SUITE machines 525/936 disagreements=0
SUITE machines 550/936 disagreements=0
SUITE strip 125/300 disagreements=0
SUITE machines 575/936 disagreements=0
SUITE machines 600/936 disagreements=0
SUITE machines 625/936 disagreements=0
SUITE machines 650/936 disagreements=0
SUITE machines 675/936 disagreements=0
SUITE strip 150/300 disagreements=0
SUITE machines 700/936 disagreements=0
SUITE machines 725/936 disagreements=0
SUITE machines 750/936 disagreements=0
SUITE machines 775/936 disagreements=0
SUITE machines 800/936 disagreements=0
SUITE strip 175/300 disagreements=0
SUITE machines 825/936 disagreements=0
SUITE machines 850/936 disagreements=0
SUITE machines 875/936 disagreements=0
SUITE machines 900/936 disagreements=0
SUITE machines 925/936 disagreements=0
SUITE machines DONE 936/936 disagreements=0 seconds=1152.5
SUITE strip 200/300 disagreements=0
SUITE strip 225/300 disagreements=0
SUITE metamorphic 25/200 disagreements=0
SUITE strip 250/300 disagreements=0
SUITE metamorphic 50/200 disagreements=0
SUITE strip 275/300 disagreements=0
SUITE metamorphic 75/200 disagreements=0
SUITE strip 300/300 disagreements=0
SUITE strip DONE 300/300 disagreements=0 seconds=2167.7
SUITE pairs 25/3387 disagreements=0
SUITE metamorphic 100/200 disagreements=0
SUITE pairs 50/3387 disagreements=0
SUITE pairs 75/3387 disagreements=0
SUITE pairs 100/3387 disagreements=0
SUITE pairs 125/3387 disagreements=0
SUITE pairs 150/3387 disagreements=0
SUITE pairs 175/3387 disagreements=0
SUITE pairs 200/3387 disagreements=0
SUITE pairs 225/3387 disagreements=0
SUITE metamorphic 125/200 disagreements=0
SUITE pairs 250/3387 disagreements=0
SUITE pairs 275/3387 disagreements=0
SUITE pairs 300/3387 disagreements=0
SUITE pairs 325/3387 disagreements=0
SUITE pairs 350/3387 disagreements=0
SUITE pairs 375/3387 disagreements=0
SUITE pairs 400/3387 disagreements=0
SUITE pairs 425/3387 disagreements=0
SUITE metamorphic 150/200 disagreements=1
SUITE pairs 450/3387 disagreements=0
SUITE pairs 475/3387 disagreements=0
SUITE pairs 500/3387 disagreements=0
SUITE pairs 525/3387 disagreements=0
SUITE pairs 550/3387 disagreements=0
SUITE pairs 575/3387 disagreements=0
SUITE pairs 600/3387 disagreements=0
SUITE pairs 625/3387 disagreements=0
SUITE metamorphic 175/200 disagreements=1
SUITE pairs 650/3387 disagreements=0
SUITE pairs 675/3387 disagreements=0
SUITE pairs 700/3387 disagreements=0
SUITE pairs 725/3387 disagreements=0
SUITE pairs 750/3387 disagreements=0
SUITE pairs 775/3387 disagreements=0
SUITE pairs 800/3387 disagreements=0
SUITE metamorphic 200/200 disagreements=1
SUITE metamorphic DONE 200/200 disagreements=1 seconds=1591.2
SUITE pairs 825/3387 disagreements=0
SUITE multi 25/1330 disagreements=0
SUITE pairs 850/3387 disagreements=0
SUITE pairs 875/3387 disagreements=0
SUITE multi 50/1330 disagreements=0
SUITE pairs 900/3387 disagreements=0
SUITE multi 75/1330 disagreements=0
SUITE pairs 925/3387 disagreements=0
SUITE multi 100/1330 disagreements=0
SUITE pairs 950/3387 disagreements=0
SUITE pairs 975/3387 disagreements=0
SUITE multi 125/1330 disagreements=0
SUITE pairs 1000/3387 disagreements=0
SUITE multi 150/1330 disagreements=0
SUITE pairs 1025/3387 disagreements=0
SUITE multi 175/1330 disagreements=0
SUITE pairs 1050/3387 disagreements=0
SUITE pairs 1075/3387 disagreements=0
SUITE metamorphic 25/200 disagreements=0
SUITE multi 200/1330 disagreements=0
SUITE pairs 1100/3387 disagreements=0
SUITE multi 225/1330 disagreements=0
SUITE pairs 1125/3387 disagreements=0
SUITE pairs 1150/3387 disagreements=0
SUITE multi 250/1330 disagreements=0
SUITE pairs 1175/3387 disagreements=0
SUITE multi 275/1330 disagreements=0
SUITE pairs 1200/3387 disagreements=0
SUITE multi 300/1330 disagreements=0
SUITE pairs 1225/3387 disagreements=0
SUITE pairs 1250/3387 disagreements=0
SUITE metamorphic 50/200 disagreements=0
SUITE multi 325/1330 disagreements=0
SUITE pairs 1275/3387 disagreements=0
SUITE pairs 1300/3387 disagreements=0
SUITE multi 350/1330 disagreements=0
SUITE pairs 1325/3387 disagreements=0
SUITE pairs 1350/3387 disagreements=0
SUITE multi 375/1330 disagreements=0
SUITE pairs 1375/3387 disagreements=0
SUITE multi 400/1330 disagreements=0
SUITE pairs 1400/3387 disagreements=0
SUITE multi 425/1330 disagreements=0
SUITE pairs 1425/3387 disagreements=0
SUITE pairs 1450/3387 disagreements=0
SUITE multi 450/1330 disagreements=0
SUITE metamorphic 75/200 disagreements=0
SUITE pairs 1475/3387 disagreements=0
SUITE multi 475/1330 disagreements=0
SUITE pairs 1500/3387 disagreements=0
SUITE pairs 1525/3387 disagreements=0
SUITE multi 500/1330 disagreements=0
SUITE pairs 1550/3387 disagreements=0
SUITE multi 525/1330 disagreements=0
SUITE pairs 1575/3387 disagreements=0
SUITE pairs 1600/3387 disagreements=0
SUITE multi 550/1330 disagreements=0
SUITE pairs 1625/3387 disagreements=0
SUITE multi 575/1330 disagreements=0
SUITE pairs 1650/3387 disagreements=0
SUITE metamorphic 100/200 disagreements=0
SUITE multi 600/1330 disagreements=0
SUITE pairs 1675/3387 disagreements=0
SUITE multi 625/1330 disagreements=0
SUITE pairs 1700/3387 disagreements=0
SUITE pairs 1725/3387 disagreements=0
SUITE multi 650/1330 disagreements=0
SUITE pairs 1750/3387 disagreements=0
SUITE multi 675/1330 disagreements=0
SUITE pairs 1775/3387 disagreements=0
SUITE pairs 1800/3387 disagreements=0
SUITE multi 700/1330 disagreements=0
SUITE pairs 1825/3387 disagreements=0
SUITE metamorphic 125/200 disagreements=0
SUITE multi 725/1330 disagreements=0
SUITE pairs 1850/3387 disagreements=0
SUITE multi 750/1330 disagreements=0
SUITE pairs 1875/3387 disagreements=0
SUITE multi 775/1330 disagreements=0
SUITE pairs 1900/3387 disagreements=0
SUITE pairs 1925/3387 disagreements=0
SUITE multi 800/1330 disagreements=0
SUITE pairs 1950/3387 disagreements=0
SUITE multi 825/1330 disagreements=0
SUITE pairs 1975/3387 disagreements=0
SUITE multi 850/1330 disagreements=0
SUITE pairs 2000/3387 disagreements=0
SUITE metamorphic 150/200 disagreements=0
SUITE pairs 2025/3387 disagreements=0
SUITE multi 875/1330 disagreements=0
SUITE pairs 2050/3387 disagreements=0
SUITE multi 900/1330 disagreements=0
SUITE pairs 2075/3387 disagreements=0
SUITE multi 925/1330 disagreements=0
SUITE pairs 2100/3387 disagreements=0
SUITE pairs 2125/3387 disagreements=0
SUITE multi 950/1330 disagreements=0
SUITE pairs 2150/3387 disagreements=0
SUITE multi 975/1330 disagreements=0
SUITE pairs 2175/3387 disagreements=0
SUITE multi 1000/1330 disagreements=0
SUITE pairs 2200/3387 disagreements=0
SUITE metamorphic 175/200 disagreements=0
SUITE pairs 2225/3387 disagreements=0
SUITE multi 1025/1330 disagreements=0
SUITE pairs 2250/3387 disagreements=0
SUITE multi 1050/1330 disagreements=0
SUITE pairs 2275/3387 disagreements=0
SUITE multi 1075/1330 disagreements=0
SUITE pairs 2300/3387 disagreements=0
SUITE pairs 2325/3387 disagreements=0
SUITE multi 1100/1330 disagreements=0
SUITE pairs 2350/3387 disagreements=0
SUITE multi 1125/1330 disagreements=0
SUITE pairs 2375/3387 disagreements=0
SUITE pairs 2400/3387 disagreements=0
SUITE multi 1150/1330 disagreements=0
SUITE metamorphic 200/200 disagreements=0
SUITE metamorphic DONE 200/200 disagreements=0 seconds=2367.3
SUITE pairs 2425/3387 disagreements=0
SUITE multi 1175/1330 disagreements=0
SUITE pairs 2450/3387 disagreements=0
SUITE multi 1200/1330 disagreements=0
SUITE pairs 2475/3387 disagreements=0
SUITE pairs 2500/3387 disagreements=0
SUITE multi 1225/1330 disagreements=0
SUITE pairs 2525/3387 disagreements=0
SUITE multi 1250/1330 disagreements=0
SUITE pairs 2550/3387 disagreements=0
SUITE pairs 2575/3387 disagreements=0
SUITE multi 1275/1330 disagreements=0
SUITE pairs 2600/3387 disagreements=0
SUITE multi 1300/1330 disagreements=0
SUITE pairs 2625/3387 disagreements=0
SUITE multi 1325/1330 disagreements=0
SUITE pairs 2650/3387 disagreements=0
SUITE multi DONE 1330/1330 disagreements=0 seconds=2697.6
SUITE pairs 2675/3387 disagreements=0
SUITE pairs 2700/3387 disagreements=0
SUITE pairs 2725/3387 disagreements=0
SUITE pairs 2750/3387 disagreements=0
SUITE pairs 2775/3387 disagreements=0
SUITE pairs 2800/3387 disagreements=0
SUITE pairs 2825/3387 disagreements=0
SUITE pairs 2850/3387 disagreements=0
SUITE pairs 2875/3387 disagreements=0
SUITE pairs 2900/3387 disagreements=0
SUITE pairs 2925/3387 disagreements=0
SUITE pairs 2950/3387 disagreements=0
SUITE pairs 2975/3387 disagreements=0
SUITE pairs 3000/3387 disagreements=0
SUITE pairs 3025/3387 disagreements=0
SUITE pairs 3050/3387 disagreements=0
SUITE pairs 3075/3387 disagreements=0
SUITE pairs 3100/3387 disagreements=0
SUITE pairs 3125/3387 disagreements=0
SUITE pairs 3150/3387 disagreements=0
SUITE pairs 3175/3387 disagreements=0
SUITE pairs 3200/3387 disagreements=0
SUITE pairs 3225/3387 disagreements=0
SUITE pairs 3250/3387 disagreements=0
SUITE pairs 3275/3387 disagreements=0
SUITE pairs 3300/3387 disagreements=0
SUITE pairs 3325/3387 disagreements=0
SUITE pairs 3350/3387 disagreements=0
SUITE pairs 3375/3387 disagreements=0
SUITE pairs DONE 3387/3387 disagreements=0 seconds=4186.2
