SUITE single 25/327 disagreements=0
SUITE machines 25/936 disagreements=0
SUITE single 50/327 disagreements=0
SUITE machines 50/936 disagreements=0
SUITE single 75/327 disagreements=0
SUITE single 100/327 disagreements=0
SUITE machines 75/936 disagreements=0
SUITE single 125/327 disagreements=0
SUITE machines 100/936 disagreements=0
SUITE single 150/327 disagreements=0
SUITE machines 125/936 disagreements=0
SUITE single 175/327 disagreements=0
SUITE machines 150/936 disagreements=0
SUITE single 200/327 disagreements=0
SUITE single 225/327 disagreements=0
SUITE single 250/327 disagreements=0
SUITE machines 175/936 disagreements=0
SUITE metamorphic 25/200 disagreements=0
SUITE single 275/327 disagreements=0
SUITE single 300/327 disagreements=0
SUITE machines 200/936 disagreements=0
SUITE single 325/327 disagreements=0
SUITE single DONE 327/327 disagreements=0 seconds=218.7
SUITE machines 225/936 disagreements=0
SUITE machines 250/936 disagreements=0
SUITE machines 275/936 disagreements=0
SUITE machines 300/936 disagreements=0
SUITE machines 325/936 disagreements=0
SUITE machines 350/936 disagreements=0
SUITE metamorphic 50/200 disagreements=0
SUITE machines 375/936 disagreements=0
SUITE machines 400/936 disagreements=0
SUITE machines 425/936 disagreements=0
SUITE machines 450/936 disagreements=0
SUITE machines 475/936 disagreements=0
SUITE machines 500/936 disagreements=0
SUITE metamorphic 75/200 disagreements=0
SUITE machines 525/936 disagreements=0
SUITE machines 550/936 disagreements=0
SUITE machines 575/936 disagreements=0
SUITE machines 600/936 disagreements=0
SUITE machines 625/936 disagreements=0
SUITE machines 650/936 disagreements=0
SUITE metamorphic 100/200 disagreements=0
SUITE machines 675/936 disagreements=0
SUITE machines 700/936 disagreements=0
SUITE machines 725/936 disagreements=0
SUITE machines 750/936 disagreements=0
SUITE machines 775/936 disagreements=0
SUITE machines 800/936 disagreements=0
SUITE metamorphic 125/200 disagreements=0
SUITE machines 825/936 disagreements=0
SUITE machines 850/936 disagreements=0
SUITE machines 875/936 disagreements=0
SUITE machines 900/936 disagreements=0
SUITE machines 925/936 disagreements=0
SUITE metamorphic 150/200 disagreements=0
SUITE machines DONE 936/936 disagreements=0 seconds=827.3
SUITE metamorphic 175/200 disagreements=0
SUITE metamorphic 200/200 disagreements=0
SUITE metamorphic DONE 200/200 disagreements=0 seconds=1023.6
